dense ref: grad collected for 338 params, boundary RMS mean=2.0657

      mode     p |     RMS(h~)/RMS(dense) | cos_to_dense | norm/dense
------------------------------------------------------------------------
      none   0.5 | mean=0.706 [min 0.566, max 0.860] |       0.0116 |     259.46
  constant   0.5 | mean=1.413 [min 1.132, max 1.720] |       0.0874 |       1.26
 rms_match   0.5 | mean=1.000 [min 0.996, max 1.003] |       0.0485 |       6.41
------------------------------------------------------------------------
      none   0.9 | mean=0.311 [min 0.108, max 0.632] |      -0.0020 |    1603.09
  constant   0.9 | mean=3.115 [min 1.082, max 6.326] |       0.0121 |       2.30
 rms_match   0.9 | mean=1.000 [min 0.996, max 1.004] |       0.0203 |      35.71
------------------------------------------------------------------------
      none  0.95 | mean=0.216 [min 0.024, max 0.613] |       0.0050 |    1309.08
  constant  0.95 | mean=4.327 [min 0.488, max 12.284] |      -0.0035 |       5.05
 rms_match  0.95 | mean=1.000 [min 0.996, max 1.004] |       0.0156 |      27.91
------------------------------------------------------------------------

EXPECT: none -> RMS ratio ~sqrt(1-p) (collapse), norm/dense >> 1 (blow-up);
        constant -> RMS ratio ~sqrt(1/(1-p)) (overshoot), norm/dense few x;
        rms_match -> RMS ratio ~1.000 EXACT, norm/dense ~O(1) (<= constant),
        cos_to_dense(rms_match) ~ cos_to_dense(constant) (norm fix, not direction).
MODECMP_DONE
