vast-provision: auto-selected template 'verl-research-vllm020' hash=3b0f8b726ac3036d6c007bfa13b6d75f image=verlai/verl:vllm020.dev1
vast-provision: (pass --template-hash explicitly to override, or --image to bypass the template entirely)
vast-provision: auth: using VAST_API_KEY
vast-provision: searching offers query="num_gpus=4 gpu_name=H200 gpu_ram>=140 reliability>=0.95 rentable=true verified=true" max_price=24.0 min_reliability=0.95 count=1
vast-provision: 11 raw offers returned
vast-provision: 11 offers qualify after filters
vast-provision: BUDGET: about to create 1 instance(s) at up to $24.0/hr each (ceiling: $24.0000/hr aggregate). Pass --dry-run to inspect without spend.
vast-provision: creating instance from offer 39596904 (dph=14.22377010233918 gpu=H200 num_gpus=4)
vast-provision: instance 39598629 created, waiting up to 1500s for running + ssh-routable
vast-provision: [+3s poll #1] actual_status=running port22=none msg=''
vast-provision: [+22s poll #2] actual_status=loading port22=none msg=''
vast-provision: [+42s poll #3] actual_status=loading port22=none msg=''
vast-provision: [+61s poll #4] actual_status=loading port22=none msg=''
vast-provision: [+80s poll #5] actual_status=loading port22=none msg=''
vast-provision: [+99s poll #6] actual_status=loading port22=none msg=''
vast-provision: [+118s poll #7] actual_status=loading port22=none msg=''
vast-provision: [+137s poll #8] actual_status=loading port22=none msg=''
vast-provision: [+157s poll #9] actual_status=loading port22=none msg=''
vast-provision: [+176s poll #10] actual_status=loading port22=none msg=''
vast-provision: [+195s poll #11] actual_status=loading port22=none msg=''
vast-provision: [+214s poll #12] actual_status=loading port22=none msg=''
vast-provision: [+233s poll #13] actual_status=loading port22=none msg=''
vast-provision: [+253s poll #14] actual_status=loading port22=none msg='Successfully loaded verlai/verl:vllm020.dev1'
vast-provision: [+272s poll #15] actual_status=running port22=51773 msg='success, running verlai/verl_vllm020.dev1/ssh'
VAST_HANDLE: {"created_at":"2026-06-05T12:10:16Z","dph_total":14.22377010233918,"gpu_name":"H200","instance_id":"39598629","label":"verl-research:830f37dc-2176-4321-b699-c4c8b72d0cab","num_gpus":4,"offer_id":"39596904","public_ipaddr":"210.157.233.86","schema_version":"1","session_id":"830f37dc-2176-4321-b699-c4c8b72d0cab","ssh_host":"210.157.233.86","ssh_login":"ssh -i ~/.ssh/vast_ai_name -o StrictHostKeyChecking=accept-new -p 51773 root@210.157.233.86 -L 8080:localhost:8080","ssh_port":51773}
vast-provision: instance 39598629 running at 210.157.233.86:51773 (handle: /Users/shamane/Documents/verl/research/runs/EXP-25/handles/39598629.json)
vast-provision: log in FIRST, then work — copy this verbatim:
  ssh -i ~/.ssh/vast_ai_name -o StrictHostKeyChecking=accept-new -p 51773 root@210.157.233.86 -L 8080:localhost:8080
VAST_PROVISIONED: count=1 total_dph=14.2238
